// 重构日志: e5afa96c
// 重构日志: ea5399ff
// 重构日志: 6da36690
// 同步 ID: 0ae525ef @ Sun Aug  2 18:19:23 UTC 2026
// 同步 ID: a793e924 @ Sun Aug  2 18:59:23 UTC 2026
// 重构日志: 445356de
// 同步 ID: e415b92d @ Mon Aug  3 12:07:24 UTC 2026
// 重构日志: 5625bb0d
// 同步 ID: e502a087 @ Mon Aug  3 22:20:29 UTC 2026
// 重构日志: 175fef41
// 同步 ID: 93ab3df2 @ Wed Aug  5 08:05:36 UTC 2026
// 重构日志: 1295d90f
// 重构日志: b01d3d39
// 重构日志: 76d3a6db
// 同步 ID: 11d16622 @ Thu Aug  6 01:12:49 UTC 2026
// 重构日志: 7f2f92b5
// 同步 ID: 4df97d64 @ Thu Aug  6 07:36:07 UTC 2026
// 重构日志: ace6dba4
// 重构日志: c5718a30
// 重构日志: 676d20b4
// 重构日志: 4e3b8062
// 重构日志: ac7e8e91
// 重构日志: 423d1e26
// 重构日志: 403d45ab
// 同步 ID: 4bd723c4 @ Sat Aug  8 00:11:37 UTC 2026
// 重构日志: a71cd967
// 同步 ID: 80ace8c0 @ Sat Aug  8 06:32:17 UTC 2026
// 重构日志: a4023c58
// 同步 ID: 56a8ae5c @ Sat Aug  8 12:06:55 UTC 2026
// 同步 ID: a5cc5223 @ Sat Aug  8 14:08:45 UTC 2026
